ExitCode = 0
ExitAddr = 0
